// Jest Snapshot v1, https://goo.gl/fbAQLP

exports[`provider/CartProvider Expect CartProvider to match snapshot with default values 1`] = `
Object {
  "addAllListItemsToCart": [Function],
  "addItemToCart": [Function],
  "addItemsToCart": [Function],
  "cart": undefined,
  "cartLoading": false,
  "checkingOutWithQuote": false,
  "clearContract": [Function],
  "clearQuote": [Function],
  "contract": undefined,
  "contractBranch": undefined,
  "deleteCartItems": [Function],
  "deleteCreditCardFromCart": [Function],
  "deleteItem": [Function],
  "disableAddToCart": false,
  "getUserCart": [Function],
  "isWillCall": false,
  "itemAdded": false,
  "itemCount": 0,
  "itemLoading": undefined,
  "lineNotes": Object {},
  "previousCart": undefined,
  "quoteData": undefined,
  "quoteId": undefined,
  "quoteShipToId": undefined,
  "refreshCart": [Function],
  "releaseContractToCart": [Function],
  "setContract": [Function],
  "setItemAdded": [Function],
  "setLineNotes": [Function],
  "setPreviousCart": [Function],
  "setQuoteData": [Function],
  "setQuoteId": [Function],
  "setQuoteShipToId": [Function],
  "setSelectedBranch": [Function],
  "updateCart": [Function],
  "updateCartFromQuote": [Function],
  "updateCartLoading": false,
  "updateDelivery": [Function],
  "updateItemQuantity": [Function],
  "updateWillCall": [Function],
  "updateWillCallBranch": [Function],
}
`;
