// Jest Snapshot v1, https://goo.gl/fbAQLP

exports[`providers/ListProvider Expect to match snapshot under default render condition 1`] = `
Object {
  "addAlltoListId": "",
  "availableListIds": Array [],
  "createList": [Function],
  "createListLoading": false,
  "deleteList": [Function],
  "deleteListLoading": false,
  "fileUploadError": Array [],
  "getListRefetchLoading": false,
  "initiateAddAllToList": [Function],
  "initiateAddToList": [Function],
  "isRenaming": false,
  "isUpdating": undefined,
  "listDetailsLoading": true,
  "listLineItemsInfo": Array [],
  "listMode": 0,
  "lists": Array [],
  "listsLoading": false,
  "newListName": "",
  "open": false,
  "refreshLists": [Function],
  "resetListProvider": [Function],
  "resetUploadState": [Function],
  "selectedList": undefined,
  "selectedPartNumber": undefined,
  "selectedUploadList": undefined,
  "setAddAlltoListId": [Function],
  "setAvailableListIds": [Function],
  "setFileUploadError": [Function],
  "setIsUpdating": [Function],
  "setItemQuantity": [Function],
  "setListMode": [Function],
  "setNewListName": [Function],
  "setOpen": [Function],
  "setRenaming": [Function],
  "setSelectedList": [Function],
  "setSelectedPartNumber": [Function],
  "setSelectedUploadList": [Function],
  "setShowAlert": [Function],
  "setShowUploadErrors": [Function],
  "showAlert": undefined,
  "showUploadErrors": false,
  "toggleItemFromList": [Function],
  "toggleItemInLists": [Function],
  "updateList": [Function],
  "updateListLoading": false,
  "uploadErrors": undefined,
  "uploadListLoading": false,
  "uploadNewList": [Function],
  "uploadToList": [Function],
  "uploadType": undefined,
}
`;
