// Jest Snapshot v1, https://goo.gl/fbAQLP

exports[`CreditCard - util/Provider/useAddCreditCard Expect to match snapshot of the output 1`] = `
Object {
  "addCreditCardLoading": false,
  "creditCard": undefined,
  "creditCardData": undefined,
  "creditCardListLoading": false,
  "creditCardState": 0,
  "deleteCreditCard": [Function],
  "deleteCreditCardLoading": false,
  "deleteCreditCardMutation": [MockFunction],
  "getCreditCardElementInfo": [MockFunction],
  "getCreditCardLoading": false,
  "getCreditCardSetupUrl": [MockFunction],
  "iframeUrl": undefined,
  "parsingCCResponse": false,
  "resUrl": undefined,
  "selectedCreditCard": "",
  "setCreditCard": [Function],
  "setCreditCardData": [Function],
  "setCreditCardState": [Function],
  "setGetCreditCardLoading": [Function],
  "setIframeUrl": [Function],
  "setParsingCCResponse": [Function],
  "setResUrl": [Function],
  "setSelectedCreditCard": [Function],
  "setShouldSaveCreditCard": [Function],
  "setUpdatingList": [Function],
  "shouldSaveCreditCard": false,
  "updateCartCreditCard": [Function],
  "updatingList": false,
}
`;
