// Jest Snapshot v1, https://goo.gl/fbAQLP

exports[`common - Header - CompanyList Should match snapshot on desktop 1`] = `
<div>
  <div
    class="MuiBox-root css-1nxr9ys"
  >
    <div
      class="MuiContainer-root MuiContainer-maxWidthLg MuiBox-root css-8f29l9-MuiContainer-root"
    >
      <div
        class="MuiGrid-root MuiGrid-container css-6ai8j1-MuiGrid-root"
      >
        <div
          class="MuiGrid-root MuiGrid-item css-13i4rnv-MuiGrid-root"
        >
          <button
            aria-haspopup="true"
            class="MuiButton-root MuiButton-text MuiButton-textPrimary MuiButton-sizeMedium MuiButton-textSizeMedium MuiButton-disableElevation MuiButtonBase-root  css-gfygn0-MuiButtonBase-root-MuiButton-root"
            tabindex="0"
            type="button"
          >
            Reece Companies
            <span
              class="MuiButton-endIcon MuiButton-iconSizeMedium css-1f03u4k-MuiButton-endIcon"
            >
              <svg
                aria-hidden="true"
                class="MuiSvgIcon-root MuiSvgIcon-fontSizeMedium css-i4bv87-MuiSvgIcon-root"
                data-testid="ArrowDropDownIcon"
                focusable="false"
                viewBox="0 0 24 24"
              >
                <path
                  d="m7 10 5 5 5-5z"
                />
              </svg>
            </span>
          </button>
        </div>
        <div
          class="MuiGrid-root MuiGrid-item css-13i4rnv-MuiGrid-root"
        >
          <button
            aria-haspopup="true"
            class="MuiButton-root MuiButton-text MuiButton-textPrimary MuiButton-sizeMedium MuiButton-textSizeMedium MuiButton-disableElevation MuiButtonBase-root  css-17kknav-MuiButtonBase-root-MuiButton-root"
            tabindex="0"
            type="button"
          >
            <span
              class="MuiButton-startIcon MuiButton-iconSizeMedium css-1sx3uk1-MuiButton-startIcon"
            >
              <svg
                color="primary"
              >
                account-settings.svg
              </svg>
            </span>
            <p
              class="MuiTypography-root MuiTypography-body1 css-19q0tdj-MuiTypography-root"
            >
              My Account
            </p>
            <span
              class="MuiButton-endIcon MuiButton-iconSizeMedium css-1f03u4k-MuiButton-endIcon"
            >
              <svg
                aria-hidden="true"
                class="MuiSvgIcon-root MuiSvgIcon-fontSizeMedium css-i4bv87-MuiSvgIcon-root"
                data-testid="ArrowDropDownIcon"
                focusable="false"
                viewBox="0 0 24 24"
              >
                <path
                  d="m7 10 5 5 5-5z"
                />
              </svg>
            </span>
          </button>
          <button
            class="MuiButton-root MuiButton-text MuiButton-textPrimary MuiButton-sizeMedium MuiButton-textSizeMedium MuiButton-disableElevation MuiButtonBase-root css-ayhvkw-MuiButtonBase-root-MuiButton-root"
            data-testid="location-search-button"
            tabindex="0"
            type="button"
          >
            <span
              class="MuiButton-startIcon MuiButton-iconSizeMedium css-1sx3uk1-MuiButton-startIcon"
            >
              <svg
                height="12"
                width="12"
              >
                location-marker.svg
              </svg>
            </span>
            Store Finder
          </button>
          <button
            class="MuiButton-root MuiButton-text MuiButton-textPrimary MuiButton-sizeMedium MuiButton-textSizeMedium MuiButton-disableElevation MuiButtonBase-root css-ayhvkw-MuiButtonBase-root-MuiButton-root"
            data-testid="support-button"
            tabindex="0"
            type="button"
          >
            <span
              class="MuiButton-startIcon MuiButton-iconSizeMedium css-1sx3uk1-MuiButton-startIcon"
            >
              <svg>
                help-filled.svg
              </svg>
            </span>
            Help
          </button>
        </div>
      </div>
    </div>
  </div>
</div>
`;

exports[`common - Header - CompanyList Should match snapshot on mobile 1`] = `<div />`;
