// Jest Snapshot v1, https://goo.gl/fbAQLP

exports[`Account | Edit Account Tests should render the component with the User's information 1`] = `
<div>
  <div
    class="MuiBox-root css-0"
    data-testid="editaccount-component"
  >
    <div
      class="MuiPaper-root MuiPaper-elevation MuiPaper-rounded MuiPaper-elevation8 MuiCard-root css-13gs6in-MuiPaper-root-MuiCard-root"
    >
      <div
        class="MuiBox-root css-hpgf8j"
      >
        <div
          class="MuiCardHeader-root css-1bnehoc-MuiCardHeader-root"
          data-testid="account-info-title"
        >
          <div
            class="MuiCardHeader-content css-1qbkelo-MuiCardHeader-content"
          >
            <span
              class="MuiTypography-root MuiTypography-h4 MuiCardHeader-title css-wa9bt7-MuiTypography-root"
            >
              Account Information
            </span>
          </div>
        </div>
      </div>
    </div>
    <form
      class="MuiBox-root css-1i0j9dd"
      novalidate=""
    >
      <div
        class="MuiGrid-root MuiGrid-container MuiGrid-spacing-xs-2 css-mhc70k-MuiGrid-root"
      >
        <div
          class="MuiGrid-root MuiGrid-item MuiGrid-grid-xs-12 css-49904w-MuiGrid-root"
        >
          <div
            class="MuiBox-root css-12595yo"
          >
            <span
              class="MuiTypography-root MuiTypography-caption css-12u2emh-MuiTypography-root"
            >
              Note: Name changes will be reflected after signing out and signing back in.
            </span>
          </div>
        </div>
        <div
          class="MuiGrid-root MuiGrid-item MuiGrid-grid-xs-12 css-49904w-MuiGrid-root"
        >
          <div
            class="MuiFormControl-root MuiFormControl-fullWidth MuiTextField-root css-1vhyr2u-MuiFormControl-root-MuiTextField-root"
            data-testid="firstName"
          >
            <label
              class="MuiInputLabel-root MuiInputLabel-formControl MuiInputLabel-animated MuiInputLabel-shrink MuiInputLabel-outlined MuiFormLabel-root MuiFormLabel-colorPrimary MuiFormLabel-filled Mui-required css-1411gyj-MuiFormLabel-root-MuiInputLabel-root"
              data-shrink="true"
              for="firstName"
              id="firstName-label"
            >
              First Name
              <span
                aria-hidden="true"
                class="MuiInputLabel-asterisk MuiFormLabel-asterisk css-kclkbf-MuiFormLabel-asterisk"
              >
                 
                *
              </span>
            </label>
            <div
              class="MuiOutlinedInput-root MuiInputBase-root MuiInputBase-colorPrimary MuiInputBase-fullWidth MuiInputBase-formControl css-tg1mzk-MuiInputBase-root-MuiOutlinedInput-root"
            >
              <input
                aria-describedby="firstName-helper-text"
                aria-invalid="false"
                class="MuiOutlinedInput-input MuiInputBase-input css-1mjnin0-MuiInputBase-input-MuiOutlinedInput-input"
                id="firstName"
                name="firstName"
                required=""
                type="text"
                value="John"
              />
              <fieldset
                aria-hidden="true"
                class="MuiOutlinedInput-notchedOutline css-m1dym3-MuiOutlinedInput-notchedOutline"
              >
                <legend
                  class="css-1z7n62"
                >
                  <span>
                    First Name
                     
                    *
                  </span>
                </legend>
              </fieldset>
            </div>
            <p
              class="MuiFormHelperText-root MuiFormHelperText-sizeMedium MuiFormHelperText-contained MuiFormHelperText-filled Mui-required css-15h6cqt-MuiFormHelperText-root"
              id="firstName-helper-text"
            >
              <span
                class="notranslate"
              >
                ​
              </span>
            </p>
          </div>
        </div>
        <div
          class="MuiGrid-root MuiGrid-item MuiGrid-grid-xs-12 css-49904w-MuiGrid-root"
        >
          <div
            class="MuiFormControl-root MuiFormControl-fullWidth MuiTextField-root css-1vhyr2u-MuiFormControl-root-MuiTextField-root"
            data-testid="lastName"
          >
            <label
              class="MuiInputLabel-root MuiInputLabel-formControl MuiInputLabel-animated MuiInputLabel-shrink MuiInputLabel-outlined MuiFormLabel-root MuiFormLabel-colorPrimary MuiFormLabel-filled Mui-required css-1411gyj-MuiFormLabel-root-MuiInputLabel-root"
              data-shrink="true"
              for="lastName"
              id="lastName-label"
            >
              Last Name
              <span
                aria-hidden="true"
                class="MuiInputLabel-asterisk MuiFormLabel-asterisk css-kclkbf-MuiFormLabel-asterisk"
              >
                 
                *
              </span>
            </label>
            <div
              class="MuiOutlinedInput-root MuiInputBase-root MuiInputBase-colorPrimary MuiInputBase-fullWidth MuiInputBase-formControl css-tg1mzk-MuiInputBase-root-MuiOutlinedInput-root"
            >
              <input
                aria-describedby="lastName-helper-text"
                aria-invalid="false"
                class="MuiOutlinedInput-input MuiInputBase-input css-1mjnin0-MuiInputBase-input-MuiOutlinedInput-input"
                id="lastName"
                name="lastName"
                required=""
                type="text"
                value="Doe"
              />
              <fieldset
                aria-hidden="true"
                class="MuiOutlinedInput-notchedOutline css-m1dym3-MuiOutlinedInput-notchedOutline"
              >
                <legend
                  class="css-1z7n62"
                >
                  <span>
                    Last Name
                     
                    *
                  </span>
                </legend>
              </fieldset>
            </div>
            <p
              class="MuiFormHelperText-root MuiFormHelperText-sizeMedium MuiFormHelperText-contained MuiFormHelperText-filled Mui-required css-15h6cqt-MuiFormHelperText-root"
              id="lastName-helper-text"
            >
              <span
                class="notranslate"
              >
                ​
              </span>
            </p>
          </div>
        </div>
        <div
          class="MuiGrid-root MuiGrid-item MuiGrid-grid-xs-12 MuiGrid-grid-lg-6 css-1vy32re-MuiGrid-root"
        >
          <div
            class="MuiFormControl-root MuiFormControl-fullWidth MuiTextField-root css-1vhyr2u-MuiFormControl-root-MuiTextField-root"
            data-testid="phoneNumber-input"
          >
            <label
              class="MuiInputLabel-root MuiInputLabel-formControl MuiInputLabel-animated MuiInputLabel-shrink MuiInputLabel-outlined MuiFormLabel-root MuiFormLabel-colorPrimary MuiFormLabel-filled Mui-required css-1411gyj-MuiFormLabel-root-MuiInputLabel-root"
              data-shrink="true"
              for="phoneNumber"
              id="phoneNumber-label"
            >
              Phone Number
              <span
                aria-hidden="true"
                class="MuiInputLabel-asterisk MuiFormLabel-asterisk css-kclkbf-MuiFormLabel-asterisk"
              >
                 
                *
              </span>
            </label>
            <div
              class="MuiOutlinedInput-root MuiInputBase-root MuiInputBase-colorPrimary MuiInputBase-fullWidth MuiInputBase-formControl css-tg1mzk-MuiInputBase-root-MuiOutlinedInput-root"
            >
              <input
                aria-describedby="phoneNumber-helper-text"
                aria-invalid="false"
                class="MuiOutlinedInput-input MuiInputBase-input css-1mjnin0-MuiInputBase-input-MuiOutlinedInput-input"
                id="phoneNumber"
                name="phoneNumber"
                placeholder="(000) 000-0000"
                required=""
                type="text"
                value=""
              />
              <fieldset
                aria-hidden="true"
                class="MuiOutlinedInput-notchedOutline css-m1dym3-MuiOutlinedInput-notchedOutline"
              >
                <legend
                  class="css-1z7n62"
                >
                  <span>
                    Phone Number
                     
                    *
                  </span>
                </legend>
              </fieldset>
            </div>
            <p
              class="MuiFormHelperText-root MuiFormHelperText-sizeMedium MuiFormHelperText-contained MuiFormHelperText-filled Mui-required css-15h6cqt-MuiFormHelperText-root"
              id="phoneNumber-helper-text"
            >
              <span
                class="notranslate"
              >
                ​
              </span>
            </p>
          </div>
        </div>
        <div
          class="MuiGrid-root MuiGrid-item MuiGrid-grid-xs-12 MuiGrid-grid-lg-6 css-1vy32re-MuiGrid-root"
        />
        <div
          class="MuiGrid-root MuiGrid-item MuiGrid-grid-xs-12 css-49904w-MuiGrid-root"
        >
          <div
            class="MuiFormControl-root MuiFormControl-fullWidth MuiTextField-root css-1vhyr2u-MuiFormControl-root-MuiTextField-root"
            data-testid="email-input"
          >
            <label
              class="MuiInputLabel-root MuiInputLabel-formControl MuiInputLabel-animated MuiInputLabel-shrink MuiInputLabel-outlined MuiFormLabel-root MuiFormLabel-colorPrimary MuiFormLabel-filled Mui-required css-1411gyj-MuiFormLabel-root-MuiInputLabel-root"
              data-shrink="true"
              for="email"
              id="email-label"
            >
              Email Address
              <span
                aria-hidden="true"
                class="MuiInputLabel-asterisk MuiFormLabel-asterisk css-kclkbf-MuiFormLabel-asterisk"
              >
                 
                *
              </span>
            </label>
            <div
              class="MuiOutlinedInput-root MuiInputBase-root MuiInputBase-colorPrimary MuiInputBase-fullWidth MuiInputBase-formControl css-tg1mzk-MuiInputBase-root-MuiOutlinedInput-root"
            >
              <input
                aria-describedby="email-helper-text"
                aria-invalid="false"
                class="MuiOutlinedInput-input MuiInputBase-input css-1mjnin0-MuiInputBase-input-MuiOutlinedInput-input"
                id="email"
                name="email"
                required=""
                type="text"
                value="john.doe@morsco.com"
              />
              <fieldset
                aria-hidden="true"
                class="MuiOutlinedInput-notchedOutline css-m1dym3-MuiOutlinedInput-notchedOutline"
              >
                <legend
                  class="css-1z7n62"
                >
                  <span>
                    Email Address
                     
                    *
                  </span>
                </legend>
              </fieldset>
            </div>
            <p
              class="MuiFormHelperText-root MuiFormHelperText-sizeMedium MuiFormHelperText-contained MuiFormHelperText-filled Mui-required css-15h6cqt-MuiFormHelperText-root"
              id="email-helper-text"
            >
              <span
                class="notranslate"
              >
                ​
              </span>
            </p>
          </div>
        </div>
        <div
          class="MuiGrid-root MuiGrid-item css-13i4rnv-MuiGrid-root"
        >
          <button
            class="MuiButton-root MuiButton-contained MuiButton-containedPrimary MuiButton-sizeMedium MuiButton-containedSizeMedium MuiButton-disableElevation MuiButtonBase-root  css-q7mvqv-MuiButtonBase-root-MuiButton-root"
            data-testid="submit-button"
            tabindex="0"
            type="submit"
          >
            Save
          </button>
          <button
            class="MuiButton-root MuiButton-text MuiButton-textPrimary MuiButton-sizeMedium MuiButton-textSizeMedium MuiButton-disableElevation MuiButtonBase-root  css-lw1dhn-MuiButtonBase-root-MuiButton-root"
            tabindex="0"
            type="button"
          >
            Cancel
          </button>
        </div>
      </div>
    </form>
  </div>
</div>
`;
